
> temp_app@0.0.0 build
> vite build

[36mvite v7.3.1 [32mbuilding client environment for production...[36m[39m
transforming...
[32mÔ£ô[39m 30 modules transformed.
Ô£ù Build failed in 367ms
error during build:
[vite:esbuild] Transform failed with 1 error:
C:/Users/hugow/OneDrive/Escritorio/AluraHackaton/hackatonAlura/frontend/src/pages/LandingSections.jsx:49:8: ERROR: Unexpected "export"
file: C:/Users/hugow/OneDrive/Escritorio/AluraHackaton/hackatonAlura/frontend/src/pages/LandingSections.jsx:49:8

Unexpected "export"
47 |                  </svg>
48 |              );
49 |          export function TeamSection() {
   |          ^
50 |              const team = [
51 |                  {

    at failureErrorWithLog (C:\Users\hugow\OneDrive\Escritorio\AluraHackaton\hackatonAlura\frontend\node_modules\esbuild\lib\main.js:1467:15)
    at C:\Users\hugow\OneDrive\Escritorio\AluraHackaton\hackatonAlura\frontend\node_modules\esbuild\lib\main.js:736:50
    at responseCallbacks.<computed> (C:\Users\hugow\OneDrive\Escritorio\AluraHackaton\hackatonAlura\frontend\node_modules\esbuild\lib\main.js:603:9)
    at handleIncomingPacket (C:\Users\hugow\OneDrive\Escritorio\AluraHackaton\hackatonAlura\frontend\node_modules\esbuild\lib\main.js:658:12)
    at Socket.readFromStdout (C:\Users\hugow\OneDrive\Escritorio\AluraHackaton\hackatonAlura\frontend\node_modules\esbuild\lib\main.js:581:7)
    at Socket.emit (node:events:518:28)
    at addChunk (node:internal/streams/readable:561:12)
    at readableAddChunkPushByteMode (node:internal/streams/readable:512:3)
    at Readable.push (node:internal/streams/readable:392:5)
    at Pipe.onStreamRead (node:internal/stream_base_commons:189:23)
